
> @electrocraft/export-target-poc@0.0.0-m00.10 generate
> node scripts/generate.mjs

PASS_GENERATE ir=01faceab0d9309d7 capacitor=5 lamp=6 wpTheme=6 wpPlugin=3

> @electrocraft/export-target-poc@0.0.0-m00.10 lint
> node scripts/lint.mjs

PASS_LINT 22 JS modules syntax-checked

> @electrocraft/export-target-poc@0.0.0-m00.10 typecheck
> tsc -p jsconfig.json


> @electrocraft/export-target-poc@0.0.0-m00.10 test
> node --test test/*.test.mjs

TAP version 13
# Subtest: Capability report covers all equal Core targets without silent blockers
ok 1 - Capability report covers all equal Core targets without silent blockers
  ---
  duration_ms: 1.318934
  type: 'test'
  ...
# Subtest: Capacitor compiler emits web build and config
ok 2 - Capacitor compiler emits web build and config
  ---
  duration_ms: 11.78009
  type: 'test'
  ...
# Subtest: Same ExportIR feeds all three targets
ok 3 - Same ExportIR feeds all three targets
  ---
  duration_ms: 14.505497
  type: 'test'
  ...
# Subtest: Canonical model is not target-specific
ok 4 - Canonical model is not target-specific
  ---
  duration_ms: 0.47271
  type: 'test'
  ...
# Subtest: LAMP compiler owns routes through Slim and data through PDO
ok 5 - LAMP compiler owns routes through Slim and data through PDO
  ---
  duration_ms: 7.829886
  type: 'test'
  ...
# Subtest: WordPress compiler emits block theme and companion plugin
ok 6 - WordPress compiler emits block theme and companion plugin
  ---
  duration_ms: 7.871575
  type: 'test'
  ...
1..6
# tests 6
# suites 0
# pass 6
# fail 0
# cancelled 0
# skipped 0
# todo 0
# duration_ms 143.594965

> @electrocraft/export-target-poc@0.0.0-m00.10 verify:php
> node scripts/verify-php.mjs

PASS_PHP_SYNTAX 4 files

> @electrocraft/export-target-poc@0.0.0-m00.10 verify:static
> node scripts/verify-static.mjs

PASS_STATIC_PARITY ir=01faceab0d9309d7 targets=3 blocked=0

> @electrocraft/export-target-poc@0.0.0-m00.10 build
> node scripts/build.mjs

PASS_BUILD harness + 4 verified ZIP candidates created
