# Local M01.1 verification (final)
UTC 2026-08-18T03:24:13Z
$ npm run check

> electrocraft@0.0.0-m01.1 check
> npm run lint && npm run typecheck && npm test && npm run build


> electrocraft@0.0.0-m01.1 lint
> node tooling/scripts/lint-workspace.mjs

PASS_LINT_WORKSPACE packages=17 apps=2 scripts=5

> electrocraft@0.0.0-m01.1 typecheck
> tsc -p tooling/tsconfig.m01-1.json --noEmit


> electrocraft@0.0.0-m01.1 test
> node --test tooling/test/*.test.mjs

TAP version 13
# Subtest: workspace owns exactly 17 stable packages and two apps
ok 1 - workspace owns exactly 17 stable packages and two apps
  ---
  duration_ms: 3.993808
  type: 'test'
  ...
# Subtest: domain remains framework-free and dependency-free
ok 2 - domain remains framework-free and dependency-free
  ---
  duration_ms: 1.493255
  type: 'test'
  ...
# Subtest: negative: a domain to editor dependency is rejected
ok 3 - negative: a domain to editor dependency is rejected
  ---
  duration_ms: 0.923175
  type: 'test'
  ...
# Subtest: native runtime and native preview do not depend on DOM/editor packages
ok 4 - native runtime and native preview do not depend on DOM/editor packages
  ---
  duration_ms: 0.62539
  type: 'test'
  ...
# Subtest: exporters depend on ExportIR/contracts, not Studio UI or runtimes
ok 5 - exporters depend on ExportIR/contracts, not Studio UI or runtimes
  ---
  duration_ms: 0.651058
  type: 'test'
  ...
# Subtest: native source/build/config fixture is complete and reproducible
ok 6 - native source/build/config fixture is complete and reproducible
  ---
  duration_ms: 0.177052
  type: 'test'
  ...
# Subtest: Spanish architecture help descriptor is registered as a fixture
ok 7 - Spanish architecture help descriptor is registered as a fixture
  ---
  duration_ms: 0.687689
  type: 'test'
  ...
1..7
# tests 7
# suites 0
# pass 7
# fail 0
# cancelled 0
# skipped 0
# todo 0
# duration_ms 60.108061

> electrocraft@0.0.0-m01.1 build
> node tooling/scripts/build-workspace.mjs

PASS_BUILD_WORKSPACE packages=17 apps=2 graph=bf72f2a3dbf72a7a59deb26eaea4b0414459973a6a37184785ebeb029d47601d
